// Jest Snapshot v1, https://goo.gl/fbAQLP

exports[`MediaWikiTemplate it should render expanded with 4 or more params 1`] = `
"{{test
|one = one
|two = two
|three = three
|four = four
}}
"
`;

exports[`MediaWikiTemplate it should render flattened with less than 4 params 1`] = `
"{{test|one=one|two=two|three=three}}
"
`;
